
> @vog/ui@0.1.0 build /Users/RF/Arbeitsmappe/edebatte-org/packages/ui
> pnpm run clean && tsup && tsc -p tsconfig.build.json


> @vog/ui@0.1.0 clean /Users/RF/Arbeitsmappe/edebatte-org/packages/ui
> rimraf dist || rm -rf dist

CLI Building entry: {"index":"src/index.ts","theme":"src/theme.ts","design/badgeColor":"src/design/badgeColor.ts","design/Button":"src/design/Button.tsx","design/Badge":"src/design/Badge.tsx","design/Modal":"src/design/Modal.tsx","design/ModalConfirm":"src/design/ModalConfirm.tsx","design/Spinner":"src/design/Spinner.tsx","design/Toast":"src/design/Toast.tsx","design/LoadingOverlay":"src/design/LoadingOverlay.tsx","design/Card":"src/design/Card.tsx","design/Input":"src/design/Input.tsx","design/Separator":"src/design/Separator.tsx","design/Avatar":"src/design/Avatar.tsx","design/AvatarImage":"src/design/AvatarImage.tsx","design/AvatarFallback":"src/design/AvatarFallback.tsx","layout/Header":"src/layout/Header.tsx","layout/Footer":"src/layout/Footer.tsx"}
CLI Using tsconfig: tsconfig.json
CLI tsup v8.5.0
CLI Using tsup config: /Users/RF/Arbeitsmappe/edebatte-org/packages/ui/tsup.config.ts
CLI Target: es2020
CLI Cleaning output folder
ESM Build start
CJS Build start
CJS dist/index.js                     12.45 KB
CJS dist/theme.js                     1.52 KB
CJS dist/design/Badge.js              1.08 KB
CJS dist/design/Modal.js              1.18 KB
CJS dist/design/Toast.js              989.00 B
CJS dist/design/badgeColor.js         1.01 KB
CJS dist/design/ModalConfirm.js       1.74 KB
CJS dist/design/Spinner.js            1.10 KB
CJS dist/design/LoadingOverlay.js     1.35 KB
CJS dist/design/Separator.js          772.00 B
CJS dist/layout/Header.js             1.23 KB
CJS dist/design/Avatar.js             737.00 B
CJS dist/design/AvatarFallback.js     721.00 B
CJS dist/design/AvatarImage.js        713.00 B
CJS dist/layout/Footer.js             3.28 KB
CJS dist/design/Input.js              1.18 KB
CJS dist/design/Button.js             2.87 KB
CJS dist/design/Card.js               1015.00 B
CJS dist/theme.js.map                 2.46 KB
CJS dist/index.js.map                 30.13 KB
CJS dist/design/Badge.js.map          2.89 KB
CJS dist/design/Modal.js.map          1.74 KB
CJS dist/design/badgeColor.js.map     1.95 KB
CJS dist/design/ModalConfirm.js.map   3.11 KB
CJS dist/design/LoadingOverlay.js.map 2.21 KB
CJS dist/design/Separator.js.map      985.00 B
CJS dist/design/Toast.js.map          1.51 KB
CJS dist/layout/Header.js.map         1.17 KB
CJS dist/design/Avatar.js.map         755.00 B
CJS dist/design/Spinner.js.map        1.53 KB
CJS dist/design/AvatarFallback.js.map 630.00 B
CJS dist/layout/Footer.js.map         5.47 KB
CJS dist/design/AvatarImage.js.map    673.00 B
CJS dist/design/Card.js.map           1.34 KB
CJS dist/design/Button.js.map         5.26 KB
CJS dist/design/Input.js.map          2.20 KB
CJS ⚡️ Build success in 68ms
ESM dist/design/AvatarFallback.mjs     266.00 B
ESM dist/index.mjs                     11.18 KB
ESM dist/layout/Footer.mjs             2.55 KB
ESM dist/theme.mjs                     988.00 B
ESM dist/layout/Header.mjs             591.00 B
ESM dist/design/badgeColor.mjs         534.00 B
ESM dist/design/Modal.mjs              720.00 B
ESM dist/design/Badge.mjs              651.00 B
ESM dist/design/Spinner.mjs            646.00 B
ESM dist/design/Toast.mjs              536.00 B
ESM dist/design/Input.mjs              618.00 B
ESM dist/design/ModalConfirm.mjs       1.23 KB
ESM dist/design/LoadingOverlay.mjs     892.00 B
ESM dist/design/Button.mjs             2.22 KB
ESM dist/design/AvatarImage.mjs        258.00 B
ESM dist/design/Separator.mjs          317.00 B
ESM dist/design/Avatar.mjs             282.00 B
ESM dist/design/Card.mjs               480.00 B
ESM dist/index.mjs.map                 28.27 KB
ESM dist/design/AvatarFallback.mjs.map 508.00 B
ESM dist/layout/Footer.mjs.map         5.41 KB
ESM dist/theme.mjs.map                 2.25 KB
ESM dist/layout/Header.mjs.map         1.06 KB
ESM dist/design/Modal.mjs.map          1.68 KB
ESM dist/design/Badge.mjs.map          2.78 KB
ESM dist/design/badgeColor.mjs.map     1.77 KB
ESM dist/design/Spinner.mjs.map        1.45 KB
ESM dist/design/Toast.mjs.map          1.43 KB
ESM dist/design/LoadingOverlay.mjs.map 2.10 KB
ESM dist/design/ModalConfirm.mjs.map   3.05 KB
ESM dist/design/Separator.mjs.map      868.00 B
ESM dist/design/AvatarImage.mjs.map    554.00 B
ESM dist/design/Button.mjs.map         5.18 KB
ESM dist/design/Avatar.mjs.map         641.00 B
ESM dist/design/Card.mjs.map           1.20 KB
ESM dist/design/Input.mjs.map          2.10 KB
ESM ⚡️ Build success in 69ms
